// Jest Snapshot v1, https://goo.gl/fbAQLP

exports[`should take a snapshot 1`] = `
<DocumentFragment>
  <div
    class="App"
  >
    <div>
      <nav
        class="navbar navbar-expand-md navbar-dark"
      >
        <div
          class="container"
        >
          <button
            aria-label="Toggle navigation"
            class="navbar-toggler"
            type="button"
          >
            <span
              class="navbar-toggler-icon"
            />
          </button>
          <a
            class="mr-auto navbar-brand"
            href="/"
          >
            <img
              alt="WanderLanceLogo"
              height="41"
              src="icon.png"
              width="41"
            />
          </a>
          <div
            class="collapse navbar-collapse"
          >
            <ul
              class="navbar-nav"
            >
              <li
                class="nav-item"
              >
                <a
                  aria-current="page"
                  class="nav-link active"
                  href="/home"
                >
                  <span
                    class="fa fa-home fa-lg"
                  />
                   Home
                </a>
              </li>
              <li
                class="nav-item"
              >
                <a
                  class="nav-link"
                  href="/aboutus"
                >
                  <span
                    class="fa fa-info fa-lg"
                  />
                   About Us
                </a>
              </li>
              <li
                class="nav-item"
              >
                <a
                  class="nav-link"
                  href="/contactus"
                >
                  <span
                    class="fa fa-address-card fa-lg"
                  />
                   Contact Us
                </a>
              </li>
            </ul>
            <div />
            <ul
              class="ml-2 navbar-nav"
            >
              <li
                class="nav-item"
              >
                <button
                  class="btn btn-outline-secondary"
                  type="button"
                >
                  <span
                    class="fa fa-sign-in fa-lg"
                  />
                   Login
                </button>
              </li>
            </ul>
          </div>
        </div>
      </nav>
      <div
        class="jumbotron"
      >
        <div
          class="container"
        >
          <div
            class="row row-header"
          >
            <div
              class="col-12 col-sm-6"
            >
              <h1>
                WanderLance
              </h1>
              <p>
                Make your life better right now!
              </p>
            </div>
          </div>
        </div>
      </div>
      <div
        class="container"
      >
        <div
          class="row"
        >
          <div
            class="col-12 col-sm-12 offset-sm-0 col-md-6 col-lg-6 col-xl-4"
          >
            <div
              class="card booking-card mt-3 mb-3"
            >
              <div
                class="view overlay"
              >
                <img
                  alt="Card"
                  class="card-img-top"
                  src="cat.jpg"
                />
                <a
                  href="#!"
                >
                  <div
                    class="mask rgba-white-slight"
                  >
                     
                  </div>
                </a>
              </div>
              <div
                class="card-body"
              >
                <h4
                  class="card-title font-weight-bold"
                >
                  Something
                </h4>
                <ul
                  class="list-unstyled list-inline rating mb-0"
                >
                  <li
                    class="list-inline-item mr-0"
                  >
                    <i
                      class="fa fa-star amber-text"
                    >
                       
                    </i>
                  </li>
                  <li
                    class="list-inline-item mr-0"
                  >
                    <i
                      class="fa fa-star amber-text"
                    />
                  </li>
                  <li
                    class="list-inline-item mr-0"
                  >
                    <i
                      class="fa fa-star amber-text"
                    />
                  </li>
                  <li
                    class="list-inline-item mr-0"
                  >
                    <i
                      class="fa fa-star amber-text"
                    />
                  </li>
                  <li
                    class="list-inline-item"
                  >
                    <i
                      class="fa fa-star-half-alt amber-text"
                    />
                  </li>
                  <li
                    class="list-inline-item"
                  >
                    <p
                      class="text-muted"
                    >
                      4.5 (413)
                    </p>
                  </li>
                </ul>
                <p
                  class="mb-2"
                >
                  • Yurii,Hirnyk Designer
                </p>
                <p
                  class="mb-2"
                >
                  Posted: 2020-05-21
                </p>
                <p
                  class="card-text"
                  style="height: 50px;"
                >
                  Design everything you need!
                </p>
                <hr
                  class="my-4"
                />
                <p
                  class="lead price text-success"
                >
                  <strong>
                    $10
                  </strong>
                </p>
                <a
                  class="btn btn-danger mt-3"
                  href="#"
                >
                  <i
                    class="fa fa-shopping-cart"
                  />
                   Add
                </a>
                <a
                  class="btn btn-primary  mt-3 float-right"
                  href="#"
                >
                  <i
                    class="fa fa-info"
                  />
                   Watch Details
                </a>
              </div>
            </div>
          </div>
          <div
            class="col-12 col-sm-12 offset-sm-0 col-md-6 col-lg-6 col-xl-4"
          >
            <div
              class="card booking-card mt-3 mb-3"
            >
              <div
                class="view overlay"
              >
                <img
                  alt="Card"
                  class="card-img-top"
                  src="cat.jpg"
                />
                <a
                  href="#!"
                >
                  <div
                    class="mask rgba-white-slight"
                  >
                     
                  </div>
                </a>
              </div>
              <div
                class="card-body"
              >
                <h4
                  class="card-title font-weight-bold"
                >
                  Something
                </h4>
                <ul
                  class="list-unstyled list-inline rating mb-0"
                >
                  <li
                    class="list-inline-item mr-0"
                  >
                    <i
                      class="fa fa-star amber-text"
                    >
                       
                    </i>
                  </li>
                  <li
                    class="list-inline-item mr-0"
                  >
                    <i
                      class="fa fa-star amber-text"
                    />
                  </li>
                  <li
                    class="list-inline-item mr-0"
                  >
                    <i
                      class="fa fa-star amber-text"
                    />
                  </li>
                  <li
                    class="list-inline-item mr-0"
                  >
                    <i
                      class="fa fa-star amber-text"
                    />
                  </li>
                  <li
                    class="list-inline-item"
                  >
                    <i
                      class="fa fa-star-half-alt amber-text"
                    />
                  </li>
                  <li
                    class="list-inline-item"
                  >
                    <p
                      class="text-muted"
                    >
                      4.5 (413)
                    </p>
                  </li>
                </ul>
                <p
                  class="mb-2"
                >
                  • Yurii,Hirnyk Designer
                </p>
                <p
                  class="mb-2"
                >
                  Posted: 2020-05-21
                </p>
                <p
                  class="card-text"
                  style="height: 50px;"
                >
                  Design everything you need!
                </p>
                <hr
                  class="my-4"
                />
                <p
                  class="lead price text-success"
                >
                  <strong>
                    $10
                  </strong>
                </p>
                <a
                  class="btn btn-danger mt-3"
                  href="#"
                >
                  <i
                    class="fa fa-shopping-cart"
                  />
                   Add
                </a>
                <a
                  class="btn btn-primary  mt-3 float-right"
                  href="#"
                >
                  <i
                    class="fa fa-info"
                  />
                   Watch Details
                </a>
              </div>
            </div>
          </div>
          <div
            class="col-12 col-sm-12 offset-sm-0 col-md-6 col-lg-6 col-xl-4"
          >
            <div
              class="card booking-card mt-3 mb-3"
            >
              <div
                class="view overlay"
              >
                <img
                  alt="Card"
                  class="card-img-top"
                  src="cat.jpg"
                />
                <a
                  href="#!"
                >
                  <div
                    class="mask rgba-white-slight"
                  >
                     
                  </div>
                </a>
              </div>
              <div
                class="card-body"
              >
                <h4
                  class="card-title font-weight-bold"
                >
                  Something
                </h4>
                <ul
                  class="list-unstyled list-inline rating mb-0"
                >
                  <li
                    class="list-inline-item mr-0"
                  >
                    <i
                      class="fa fa-star amber-text"
                    >
                       
                    </i>
                  </li>
                  <li
                    class="list-inline-item mr-0"
                  >
                    <i
                      class="fa fa-star amber-text"
                    />
                  </li>
                  <li
                    class="list-inline-item mr-0"
                  >
                    <i
                      class="fa fa-star amber-text"
                    />
                  </li>
                  <li
                    class="list-inline-item mr-0"
                  >
                    <i
                      class="fa fa-star amber-text"
                    />
                  </li>
                  <li
                    class="list-inline-item"
                  >
                    <i
                      class="fa fa-star-half-alt amber-text"
                    />
                  </li>
                  <li
                    class="list-inline-item"
                  >
                    <p
                      class="text-muted"
                    >
                      4.5 (413)
                    </p>
                  </li>
                </ul>
                <p
                  class="mb-2"
                >
                  • Yurii,Hirnyk Designer
                </p>
                <p
                  class="mb-2"
                >
                  Posted: 2020-05-21
                </p>
                <p
                  class="card-text"
                  style="height: 50px;"
                >
                  Design everything you need!
                </p>
                <hr
                  class="my-4"
                />
                <p
                  class="lead price text-success"
                >
                  <strong>
                    $10
                  </strong>
                </p>
                <a
                  class="btn btn-danger mt-3"
                  href="#"
                >
                  <i
                    class="fa fa-shopping-cart"
                  />
                   Add
                </a>
                <a
                  class="btn btn-primary  mt-3 float-right"
                  href="#"
                >
                  <i
                    class="fa fa-info"
                  />
                   Watch Details
                </a>
              </div>
            </div>
          </div>
        </div>
      </div>
      <footer
        class="page-footer font-small  module"
      >
        <div
          class="container"
        >
          <div
            class="row text-center d-flex justify-content-center pt-5 mb-3"
          >
            <div
              class="col-md-2 mb-3"
            >
              <h6
                class="text-uppercase font-weight-bold"
              >
                <a
                  href="#!"
                >
                  About us
                </a>
              </h6>
            </div>
            <div
              class="col-md-2 mb-3"
            >
              <h6
                class="text-uppercase font-weight-bold"
              >
                <a
                  href="#!"
                >
                  Products
                </a>
              </h6>
            </div>
            <div
              class="col-md-2 mb-3"
            >
              <h6
                class="text-uppercase font-weight-bold"
              >
                <a
                  href="#!"
                >
                  Awards
                </a>
              </h6>
            </div>
            <div
              class="col-md-2 mb-3"
            >
              <h6
                class="text-uppercase font-weight-bold"
              >
                <a
                  href="#!"
                >
                  Help
                </a>
              </h6>
            </div>
            <div
              class="col-md-2 mb-3"
            >
              <h6
                class="text-uppercase font-weight-bold"
              >
                <a
                  href="#!"
                >
                  Contact
                </a>
              </h6>
            </div>
          </div>
          <hr
            class="rgba-white-light"
            style="margin: 0px 15%;"
          />
          <hr
            class="clearfix d-md-none rgba-white-light"
            style="margin: 10% 15% 5%;"
          />
        </div>
        <div
          class="footer-copyright text-center py-3"
        >
          © 2020 Copyright:
          <span>
             Wanderlace
          </span>
        </div>
      </footer>
    </div>
  </div>
</DocumentFragment>
`;
