// Jest Snapshot v1, https://goo.gl/fbAQLP

exports[`FooterComponent Header container initial renders properly 1`] = `<Footer />`;
